Error: failed to run main module `abort.c.---.wasm`

Caused by:
    0: failed to invoke `_start`
    1: wasm trap: unreachable
       wasm backtrace:
