strsignal for SIGHUP: 'Hangup'
beginning handler test:
handler for signal Window changed
finished handler test
